Time slot   0
ld_routine
	Loaded a process at input/proc/P0, PID: 1 PRIO: 1
	CPU 1: Dispatched process  1
Time slot   1
	Loaded a process at input/proc/P0, PID: 2 PRIO: 1
Time slot   2
	CPU 0: Dispatched process  2
	Loaded a process at input/proc/P0, PID: 3 PRIO: 1
	CPU 1: Put process  1 to run queue
	CPU 1: Dispatched process  3
Time slot   3
	Loaded a process at input/proc/sc2, PID: 4 PRIO: 0
Time slot   4
	CPU 0: Put process  2 to run queue
	CPU 0: Dispatched process  4
===== PHYSICAL MEMORY AFTER ALLOCATION =====
PID=4 - Region=1 - Address=00000000 - Size=100 byte
print_pgtbl: 0 - 256
00000000: 80000000
Page Number: 0 -> Frame Number: 0
================================================================
Time slot   5
	CPU 1: Put process  3 to run queue
	CPU 1: Dispatched process  1
===== PHYSICAL MEMORY AFTER WRITING =====
write region=1 offset=0 value=80
print_pgtbl: 0 - 256
00000000: 80000000
Page Number: 0 -> Frame Number: 0
================================================================
===== PHYSICAL MEMORY DUMP =====
BYTE 00000000: 80
===== PHYSICAL MEMORY END-DUMP =====
================================================================
Time slot   6
	CPU 0: Put process  4 to run queue
	CPU 0: Dispatched process  4
===== PHYSICAL MEMORY AFTER WRITING =====
write region=1 offset=1 value=48
print_pgtbl: 0 - 256
00000000: 80000000
Page Number: 0 -> Frame Number: 0
================================================================
===== PHYSICAL MEMORY DUMP =====
BYTE 00000000: 80
BYTE 00000001: 48
===== PHYSICAL MEMORY END-DUMP =====
================================================================
Time slot   7
===== PHYSICAL MEMORY AFTER WRITING =====
write region=1 offset=2 value=-1
print_pgtbl: 0 - 256
00000000: 80000000
Page Number: 0 -> Frame Number: 0
================================================================
===== PHYSICAL MEMORY DUMP =====
BYTE 00000000: 80
BYTE 00000001: 48
BYTE 00000002: -1
	CPU 1: Put process  1 to run queue
	CPU 1: Dispatched process  2
===== PHYSICAL MEMORY END-DUMP =====
================================================================
Time slot   8
	CPU 0: Put process  4 to run queue
	CPU 0: Dispatched process  4
The procname retrieved from memregionid 1 is "P0"
Found process to terminate: input/proc/P0 (pid=1)
Found process to terminate: input/proc/P0 (pid=2)
Found process to terminate: input/proc/P0 (pid=3)
Terminating process: input/proc/P0 (pid=1)
Terminating process: input/proc/P0 (pid=3)
Total processes terminated by killall: 3
Time slot   9
	CPU 1: Processed  2 has been killed
	CPU 0: Processed  4 has finished
	CPU 1 stopped
	CPU 0 stopped
